// Jest Snapshot v1, https://goo.gl/fbAQLP

exports[`Reach should return status 200 and reach by state 1`] = `
[
  {
    "id": 6559,
    "name": "Animas",
    "river": "Animas",
    "section": "01. Eureka to Howardsville",
  },
  {
    "id": 6560,
    "name": "Animas",
    "river": "Animas",
    "section": "02. Howardsville to Silverton",
  },
  {
    "id": 346,
    "name": "Animas",
    "river": "Animas",
    "section": "03. Silverton to Tacoma ",
  },
  {
    "id": 347,
    "name": "Animas",
    "river": "Animas",
    "section": "04. Tacoma to Rockwood Rail Yard (Rockwood Box)",
  },
  {
    "id": 4530,
    "name": "Animas",
    "river": "Animas",
    "section": "05. Bakers Box",
  },
  {
    "id": 348,
    "name": "Animas",
    "river": "Animas",
    "section": "06. Bakers Bridge to Trimble Lane",
  },
  {
    "id": 349,
    "name": "Animas",
    "river": "Animas",
    "section": "07. Trimble Lane to 32nd Street Park",
  },
  {
    "id": 351,
    "name": "Animas",
    "river": "Animas",
    "section": "08. 32nd St. Park to Purple Cliffs",
  },
  {
    "id": 352,
    "name": "Animas",
    "river": "Animas",
    "section": "09. Purple Cliffs to State Line",
  },
  {
    "id": 3097,
    "name": "Anthracite Creek, Ruby Fork",
    "river": "Anthracite Creek, Ruby Fork",
    "section": "01. Bridge to Erikson Springs Campground",
  },
  {
    "id": 355,
    "name": "Arkansas",
    "river": "Arkansas",
    "section": "01. Granite to Numbers Launch Site",
  },
  {
    "id": 356,
    "name": "Arkansas",
    "river": "Arkansas",
    "section": "02. Numbers Launch to Railroad Bridge Launch",
  },
  {
    "id": 357,
    "name": "Arkansas",
    "river": "Arkansas",
    "section": "03. Railroad Bridge Launch to Buena Vista",
  },
  {
    "id": 4347,
    "name": "Arkansas",
    "river": "Arkansas",
    "section": "04. Buena Vista to Fisherman's Bridge",
  },
  {
    "id": 358,
    "name": "Arkansas",
    "river": "Arkansas",
    "section": "05. Fisherman's Bridge access to Stone Bridge access",
  },
  {
    "id": 4348,
    "name": "Arkansas",
    "river": "Arkansas",
    "section": "06. Stone Bridge to Salida",
  },
  {
    "id": 6769,
    "name": "Arkansas",
    "river": "Arkansas",
    "section": "07. Salida to Rincon",
  },
  {
    "id": 4349,
    "name": "Arkansas",
    "river": "Arkansas",
    "section": "08. Rincon to Pinnacle Rock",
  },
  {
    "id": 359,
    "name": "Arkansas",
    "river": "Arkansas",
    "section": "09. Pinnacle Rock Launch to Parkdale Launch",
  },
  {
    "id": 360,
    "name": "Arkansas",
    "river": "Arkansas",
    "section": "10. Parkdale Launch to Canon City (Royal Gorge)",
  },
  {
    "id": 11450,
    "name": "Arkansas",
    "river": "Arkansas",
    "section": "11. Centennial Park to Mackenzie Takeout ",
  },
  {
    "id": 10639,
    "name": "Arkansas",
    "river": "Arkansas",
    "section": "14. Pueblo Whitewater Park",
  },
  {
    "id": 2823,
    "name": "Bear Creek",
    "river": "Bear Creek",
    "section": "01. Idledale to Morrison",
  },
  {
    "id": 11183,
    "name": "Big Thompson",
    "river": "Big Thompson",
    "section": "01. Estes Park Dam to Fishing Pier",
  },
  {
    "id": 4385,
    "name": "Big Thompson",
    "river": "Big Thompson",
    "section": "02. Fishing Pier to Forks Park",
  },
  {
    "id": 361,
    "name": "Big Thompson",
    "river": "Big Thompson",
    "section": "03. Forks Park to Narrows Park",
  },
  {
    "id": 11184,
    "name": "Big Thompson",
    "river": "Big Thompson",
    "section": "04. Diversion Dam to Dam Store",
  },
  {
    "id": 10347,
    "name": "Blue",
    "river": "Blue",
    "section": "01. Breckenridge Town Run",
  },
  {
    "id": 362,
    "name": "Blue",
    "river": "Blue",
    "section": "02. Blue River Campground to Columbine Landing",
  },
  {
    "id": 363,
    "name": "Blue",
    "river": "Blue",
    "section": "03. Green Mountain Reservoir to Spring Creek Road",
  },
  {
    "id": 4224,
    "name": "Boulder Creek, North",
    "river": "Boulder Creek, North",
    "section": "01. Switzerland Park to Boulder Falls",
  },
  {
    "id": 4238,
    "name": "Boulder Creek, South",
    "river": "Boulder Creek, South",
    "section": "01. Rollinsville to Pinecliffe (Alto Alto Section)",
  },
  {
    "id": 3125,
    "name": "Boulder Creek, South",
    "river": "Boulder Creek, South",
    "section": "02. Pinecliffe to Gross Mountain Reservoir",
  },
  {
    "id": 2883,
    "name": "Boulder Creek, South",
    "river": "Boulder Creek, South",
    "section": "03. Gross Mountain Res to Eldorado State Park",
  },
  {
    "id": 3453,
    "name": "Boulder Creek, South",
    "river": "Boulder Creek, South",
    "section": "04. Eldorado Canyon",
  },
  {
    "id": 3360,
    "name": "Boulder Creek",
    "river": "Boulder Creek",
    "section": "01. Gun Shy to Jasper Creek",
  },
  {
    "id": 11181,
    "name": "Boulder Creek",
    "river": "Boulder Creek",
    "section": "02. the AMP section",
  },
  {
    "id": 4223,
    "name": "Boulder Creek",
    "river": "Boulder Creek",
    "section": "03. MM 32 to Blue Bridge",
  },
  {
    "id": 364,
    "name": "Boulder Creek",
    "river": "Boulder Creek",
    "section": "04. Blue Bridge to Eben G Fine Park",
  },
  {
    "id": 2881,
    "name": "Boulder Creek",
    "river": "Boulder Creek",
    "section": "05. Eben G Fine Park to CU Greenhouse",
  },
  {
    "id": 4265,
    "name": "Buzzard Creek",
    "river": "Buzzard Creek",
    "section": "01. 64.30 Rd to Collbran",
  },
  {
    "id": 373,
    "name": "Cache La Poudre, North Fork",
    "river": "Cache La Poudre, North Fork",
    "section": "01. Cherokee Park Rd (near Trails End) to Halligan Res. (upper)",
  },
  {
    "id": 2822,
    "name": "Cache La Poudre, North Fork",
    "river": "Cache La Poudre, North Fork",
    "section": "02. Lower: Livermore Bridge to Main Stem",
  },
  {
    "id": 374,
    "name": "Cache La Poudre, South Fork",
    "river": "Cache La Poudre, South Fork",
    "section": "01. Fish Creek TH to Main fork",
  },
  {
    "id": 365,
    "name": "Cache La Poudre",
    "river": "Cache La Poudre",
    "section": "01. Long Draw Reservoir to Big South Campground",
  },
  {
    "id": 369,
    "name": "Cache La Poudre",
    "river": "Cache La Poudre",
    "section": "02. Big South Campground to Tunnel Picnic Ground",
  },
  {
    "id": 367,
    "name": "Cache La Poudre",
    "river": "Cache La Poudre",
    "section": "03. Tunnel Picnic Ground to Indian Meadows Bridge",
  },
  {
    "id": 368,
    "name": "Cache La Poudre",
    "river": "Cache La Poudre",
    "section": "04. Indian Meadows Bridge to Narrows Picnic Ground",
  },
  {
    "id": 370,
    "name": "Cache La Poudre",
    "river": "Cache La Poudre",
    "section": "05. Narrows Picnic Ground to Steven's Gulch Access",
  },
  {
    "id": 371,
    "name": "Cache La Poudre",
    "river": "Cache La Poudre",
    "section": "06. Steven's Gulch Access to Mishawaka Inn",
  },
  {
    "id": 3368,
    "name": "Cache La Poudre",
    "river": "Cache La Poudre",
    "section": "07. Mishawaka Inn to Poudre Park",
  },
  {
    "id": 3369,
    "name": "Cache La Poudre",
    "river": "Cache La Poudre",
    "section": "08. Poudre Park Picnic Grounds to below Pineview Falls",
  },
  {
    "id": 3370,
    "name": "Cache La Poudre",
    "river": "Cache La Poudre",
    "section": "09. Below Pineview Falls to Bridges Take-out (Bridges Section)",
  },
  {
    "id": 372,
    "name": "Cache La Poudre",
    "river": "Cache La Poudre",
    "section": "10. Below Filter Plant to Picnic Rock Access",
  },
  {
    "id": 11199,
    "name": "Cache La Poudre",
    "river": "Cache La Poudre",
    "section": "11. Fort Collins Play Park",
  },
  {
    "id": 3328,
    "name": "Canyon Creek",
    "river": "Canyon Creek",
    "section": "01. To Animas River",
  },
  {
    "id": 1666,
    "name": "Castle Creek",
    "river": "Castle Creek",
    "section": "01. Aspen Music School to Slaughterhouse Bridge on Roaring Fork",
  },
  {
    "id": 375,
    "name": "Cebolla",
    "river": "Cebolla",
    "section": "01. Hwy 149 to Blue Mesa Reservoir",
  },
  {
    "id": 3547,
    "name": "Cimarron",
    "river": "Cimarron",
    "section": "01. Big Cimarron Campground to Cimarron Rd. Bridge",
  },
  {
    "id": 3445,
    "name": "Cimarron",
    "river": "Cimarron",
    "section": "02. Cimarron to Gunnison River",
  },
  {
    "id": 3110,
    "name": "Clear Creek of the Arkansas (an Arkansas River Tributary)",
    "river": "Clear Creek of the Arkansas (an Arkansas River Tributary)",
    "section": "01. Missouri Creek TH to Dirt Road",
  },
  {
    "id": 1796,
    "name": "Clear Creek, West Fork",
    "river": "Clear Creek, West Fork",
    "section": "01. Coors Falls to Gunshot",
  },
  {
    "id": 4258,
    "name": "Clear Creek",
    "river": "Clear Creek",
    "section": "01. Loveland Ski Area to Silverplume",
  },
  {
    "id": 4256,
    "name": "Clear Creek",
    "river": "Clear Creek",
    "section": "02. Silverplume to Georgetown",
  },
  {
    "id": 2819,
    "name": "Clear Creek",
    "river": "Clear Creek",
    "section": "03. Lawson to Idaho Springs",
  },
  {
    "id": 11563,
    "name": "Clear Creek",
    "river": "Clear Creek",
    "section": "04. Idaho Springs Town Run",
  },
  {
    "id": 4257,
    "name": "Clear Creek",
    "river": "Clear Creek",
    "section": "05. Upper Clear Creek ("Kermits")",
  },
  {
    "id": 11564,
    "name": "Clear Creek",
    "river": "Clear Creek",
    "section": "06. Middle Clear Creek",
  },
  {
    "id": 3361,
    "name": "Clear Creek",
    "river": "Clear Creek",
    "section": "07. Black Rock - Green Bay Rock (MM 262.9) to Rigor Mortis (MM 267.2)",
  },
  {
    "id": 376,
    "name": "Clear Creek",
    "river": "Clear Creek",
    "section": "08. Lower - Rigor Mortis (MM 267.2) to the diversion Dam",
  },
  {
    "id": 11178,
    "name": "Clear Creek",
    "river": "Clear Creek",
    "section": "09. Tunnel 1 Down",
  },
  {
    "id": 11179,
    "name": "Clear Creek",
    "river": "Clear Creek",
    "section": "10. Golden Whitewater Park",
  },
  {
    "id": 377,
    "name": "Colorado",
    "river": "Colorado",
    "section": "01. Hot Sulphur Springs to Hwy 40 bridge",
  },
  {
    "id": 378,
    "name": "Colorado",
    "river": "Colorado",
    "section": "02. Gore Canyon",
  },
  {
    "id": 379,
    "name": "Colorado",
    "river": "Colorado",
    "section": "03. Pumphouse campground to State Bridge",
  },
  {
    "id": 5427,
    "name": "Colorado",
    "river": "Colorado",
    "section": "04. State Bridge to Burns",
  },
  {
    "id": 5430,
    "name": "Colorado",
    "river": "Colorado",
    "section": "05. Burns to Dotsero",
  },
  {
    "id": 380,
    "name": "Colorado",
    "river": "Colorado",
    "section": "06. Hanging Lake Exit 125 (I-70) to Shoshone Power Plant Exit 123 (I-70)",
  },
  {
    "id": 4260,
    "name": "Colorado",
    "river": "Colorado",
    "section": "07. Shoshone Power Plant, Exit 123 (I-70) to Grizzly Creek, Exit 121 (I-70)",
  },
  {
    "id": 5428,
    "name": "Colorado",
    "river": "Colorado",
    "section": "08. Grizzly Creek to Two Rivers Park",
  },
  {
    "id": 10349,
    "name": "Colorado",
    "river": "Colorado",
    "section": "09. Two Rivers to South Canyon",
  },
  {
    "id": 10348,
    "name": "Colorado",
    "river": "Colorado",
    "section": "10. South Canyon to New Castle",
  },
  {
    "id": 10682,
    "name": "Colorado",
    "river": "Colorado",
    "section": "11. New Castle to Cameo",
  },
  {
    "id": 4261,
    "name": "Colorado",
    "river": "Colorado",
    "section": "12. Big Sur",
  },
  {
    "id": 10520,
    "name": "Colorado",
    "river": "Colorado",
    "section": "13. Grand Junction Town",
  },
  {
    "id": 381,
    "name": "Colorado",
    "river": "Colorado",
    "section": "14. Loma launch to Westwater launch (Ruby - Horsethief)",
  },
  {
    "id": 382,
    "name": "Conejos",
    "river": "Conejos",
    "section": "01. Platoro Res. to South Fork Conejos",
  },
  {
    "id": 11124,
    "name": "Conejos",
    "river": "Conejos",
    "section": "02. South Fork CG to Highway 17 Bridge",
  },
  {
    "id": 11120,
    "name": "Conejos",
    "river": "Conejos",
    "section": "03. Hwy 17 to Mogote CG",
  },
  {
    "id": 4301,
    "name": "Cross Creek",
    "river": "Cross Creek",
    "section": "01. Cross Creek",
  },
  {
    "id": 11320,
    "name": "Crystal River",
    "river": "Crystal River",
    "section": "BRB Campground to Confluence with Roaring Fork",
  },
  {
    "id": 1615,
    "name": "Crystal, North Fork",
    "river": "Crystal, North Fork",
    "section": "01. To Scree Slope",
  },
  {
    "id": 4234,
    "name": "Crystal, South Fork",
    "river": "Crystal, South Fork",
    "section": "01. Schofield Pass to Crystal",
  },
  {
    "id": 2718,
    "name": "Crystal",
    "river": "Crystal",
    "section": "01. Crystal Mill Falls to Crystal Gorge",
  },
  {
    "id": 1317,
    "name": "Crystal",
    "river": "Crystal",
    "section": "02. Road to Crystal to Beaver Lake",
  },
  {
    "id": 2105,
    "name": "Crystal",
    "river": "Crystal",
    "section": "03. Marble to Redstone",
  },
  {
    "id": 1737,
    "name": "Crystal",
    "river": "Crystal",
    "section": "04. Redstone to Penny Hot Springs",
  },
  {
    "id": 383,
    "name": "Crystal",
    "river": "Crystal",
    "section": "05. Penny Hot Springs to Avalanche Creek",
  },
  {
    "id": 1157,
    "name": "Crystal",
    "river": "Crystal",
    "section": "06. Avalanche Creek to B.R.B. Campground",
  },
  {
    "id": 3378,
    "name": "Daisy Creek",
    "river": "Daisy Creek",
    "section": "01. 40' Waterfall to confluence with Slate River",
  },
  {
    "id": 384,
    "name": "Dolores",
    "river": "Dolores",
    "section": "01. Rico to Big Rock (West Fork)",
  },
  {
    "id": 11058,
    "name": "Dolores",
    "river": "Dolores",
    "section": "02. West Fork to McPhee Reservoir",
  },
  {
    "id": 385,
    "name": "Dolores",
    "river": "Dolores",
    "section": "03. Bradfield Launch (McPhee Reservoir) to Dove Creek Pump Station",
  },
  {
    "id": 386,
    "name": "Dolores",
    "river": "Dolores",
    "section": "04. Dove Creek Pump Station to Slickrock",
  },
  {
    "id": 387,
    "name": "Dolores",
    "river": "Dolores",
    "section": "05. Slickrock to Bedrock",
  },
  {
    "id": 388,
    "name": "Dolores",
    "river": "Dolores",
    "section": "06. Bedrock to Gateway",
  },
  {
    "id": 389,
    "name": "Dolores",
    "river": "Dolores",
    "section": "07. Gateway to Colorado River (UT)",
  },
  {
    "id": 4299,
    "name": "Eagle River",
    "river": "Eagle River",
    "section": "01. Camp Hale to Red Cliff (Source)",
  },
  {
    "id": 390,
    "name": "Eagle River",
    "river": "Eagle River",
    "section": "02. Redcliff to Tigiwon Rd/FR 707 (Gilman Gorge)",
  },
  {
    "id": 11134,
    "name": "Eagle River",
    "river": "Eagle River",
    "section": "03. FR 707 to Forest Service Visitors Center (Minturn Town Run)",
  },
  {
    "id": 4266,
    "name": "Eagle River",
    "river": "Eagle River",
    "section": "04. Forest Service Visitor Center to River Run (Dowd Chute)",
  },
  {
    "id": 391,
    "name": "Eagle River",
    "river": "Eagle River",
    "section": "05. River Run to Edwards",
  },
  {
    "id": 2882,
    "name": "Eagle River",
    "river": "Eagle River",
    "section": "06. Edwards to Eagle",
  },
  {
    "id": 11135,
    "name": "Eagle River",
    "river": "Eagle River",
    "section": "07. Eagle to Gypsum",
  },
  {
    "id": 11136,
    "name": "Eagle River",
    "river": "Eagle River",
    "section": "08. Gypsum to Dotsero",
  },
  {
    "id": 3379,
    "name": "East",
    "river": "East",
    "section": "01. Gothic Bridge to above Stupid Falls",
  },
  {
    "id": 11055,
    "name": "East",
    "river": "East",
    "section": "02. CB South to Almont",
  },
  {
    "id": 6341,
    "name": "Elk Creek (Animas trib.)",
    "river": "Elk Creek (Animas trib.)",
    "section": "01. Elk Creek (Animas trib.)",
  },
  {
    "id": 1480,
    "name": "Elk River",
    "river": "Elk River",
    "section": "01. Box Canyon ",
  },
  {
    "id": 392,
    "name": "Elk River",
    "river": "Elk River",
    "section": "02. Box Canyon Campground to Glen Eden Bridge",
  },
  {
    "id": 393,
    "name": "Elk River",
    "river": "Elk River",
    "section": "03. Two miles above Mad Creek to Mad Creek",
  },
  {
    "id": 3410,
    "name": "Escalante Creek",
    "river": "Escalante Creek",
    "section": "01. Escalante Forks to Captain Smith's Cabin",
  },
  {
    "id": 4776,
    "name": "Fish Creek",
    "river": "Fish Creek",
    "section": "01. Fish Creek Falls to Diversion Dam",
  },
  {
    "id": 4777,
    "name": "Fish Creek",
    "river": "Fish Creek",
    "section": "02. Diversion Dam to Safeway",
  },
  {
    "id": 395,
    "name": "Fraser",
    "river": "Fraser",
    "section": "01. Tabernash to Granby",
  },
  {
    "id": 2740,
    "name": "Fryingpan",
    "river": "Fryingpan",
    "section": "01. Upper",
  },
  {
    "id": 396,
    "name": "Fryingpan",
    "river": "Fryingpan",
    "section": "02. Taylor Creek to Basalt",
  },
  {
    "id": 4306,
    "name": "Gore Creek",
    "river": "Gore Creek",
    "section": "01. Upper Gore Creek (Upstream of the golf course)",
  },
  {
    "id": 397,
    "name": "Gore Creek",
    "river": "Gore Creek",
    "section": "02. East Vail Exit (I-70) to Vail",
  },
  {
    "id": 11137,
    "name": "Gore Creek",
    "river": "Gore Creek",
    "section": "03. Vail to Eagle River",
  },
  {
    "id": 2524,
    "name": "Grape Creek",
    "river": "Grape Creek",
    "section": "01. Bear Gulch to Centennial Park",
  },
  {
    "id": 1852,
    "name": "Green",
    "river": "Green",
    "section": "01. Flaming Gorge to Lodore (CO) ",
  },
  {
    "id": 399,
    "name": "Green",
    "river": "Green",
    "section": "02. Lodore to Echo Park ",
  },
  {
    "id": 1853,
    "name": "Green",
    "river": "Green",
    "section": "03. Echo Park (CO) to Split Mountain",
  },
  {
    "id": 2665,
    "name": "Grizzly Creek",
    "river": "Grizzly Creek",
    "section": "01.1 Mile up trail to Grizzly Creek Rest Area",
  },
  {
    "id": 3098,
    "name": "Gunnison, North Fork",
    "river": "Gunnison, North Fork",
    "section": "01. Paonia Reservoir to below Somerset",
  },
  {
    "id": 400,
    "name": "Gunnison",
    "river": "Gunnison",
    "section": "01. Almont to Blue Mesa Reservoir",
  },
  {
    "id": 10691,
    "name": "Gunnison",
    "river": "Gunnison",
    "section": "02. Gunnison Whitewater Park",
  },
  {
    "id": 401,
    "name": "Gunnison",
    "river": "Gunnison",
    "section": "03. Crystal Dam to Chukar Trail ",
  },
  {
    "id": 402,
    "name": "Gunnison",
    "river": "Gunnison",
    "section": "04. Chukar to N. Fork",
  },
  {
    "id": 10564,
    "name": "Gunnison",
    "river": "Gunnison",
    "section": "05. Delta to Whitewater",
  },
  {
    "id": 3548,
    "name": "Henson Creek",
    "river": "Henson Creek",
    "section": "01. Above Nellie Creek to 1/2 mile from Lake City",
  },
  {
    "id": 403,
    "name": "Hermosa Creek",
    "river": "Hermosa Creek",
    "section": "01. Hermosa Park 16 mi to Dutch Creek, 8 mi to US 550",
  },
  {
    "id": 3415,
    "name": "Homestake Creek",
    "river": "Homestake Creek",
    "section": "01. 1/4 mi above confluence with Eagle River",
  },
  {
    "id": 4267,
    "name": "Jasper Creek",
    "river": "Jasper Creek",
    "section": "01. Class II to Boulder Creek",
  },
  {
    "id": 2859,
    "name": "Joe Wright Creek",
    "river": "Joe Wright Creek",
    "section": "01. CR 103 bridge to Big South Campground",
  },
  {
    "id": 3096,
    "name": "Kannah Creek",
    "river": "Kannah Creek",
    "section": "01. Kannah Creek TH to Girl Scout Camp Bridge",
  },
  {
    "id": 3376,
    "name": "Kannah Creek",
    "river": "Kannah Creek",
    "section": "02. Rte. 50 to Rte. 141 (Gunnison River)",
  },
  {
    "id": 404,
    "name": "Lake Creek",
    "river": "Lake Creek",
    "section": "01. MM 69 to Wills Gulch picnic area",
  },
  {
    "id": 4555,
    "name": "Lake Fork Gunnison",
    "river": "Lake Fork Gunnison",
    "section": "01. Cinnamon Gorge",
  },
  {
    "id": 406,
    "name": "Lake Fork Gunnison",
    "river": "Lake Fork Gunnison",
    "section": "02. Lake City Town Run",
  },
  {
    "id": 405,
    "name": "Lake Fork Gunnison",
    "river": "Lake Fork Gunnison",
    "section": "03. BLM CG at Redbridge to Gateview CG",
  },
  {
    "id": 4268,
    "name": "Left Hand Creek",
    "river": "Left Hand Creek",
    "section": "01. James Canyon Drive to Buckingham Park",
  },
  {
    "id": 3414,
    "name": "Lime Creek",
    "river": "Lime Creek",
    "section": "01. 1st Gorge",
  },
  {
    "id": 4235,
    "name": "Lime Creek",
    "river": "Lime Creek",
    "section": "02. 2nd Gorge",
  },
  {
    "id": 11162,
    "name": "Lime Creek",
    "river": "Lime Creek",
    "section": "03. 3rd Gorge",
  },
  {
    "id": 3413,
    "name": "Mineral Creek, South",
    "river": "Mineral Creek, South",
    "section": "01. Above South Mineral CG",
  },
  {
    "id": 6569,
    "name": "Mineral Creek",
    "river": "Mineral Creek",
    "section": "01. Mineral Creek",
  },
  {
    "id": 407,
    "name": "Navajo",
    "river": "Navajo",
    "section": "01. Lower 25 mi to San Juan confluence",
  },
  {
    "id": 547,
    "name": "Needle Creek",
    "river": "Needle Creek",
    "section": "01. Forest service Trail 504 Hike and Huck",
  },
  {
    "id": 2464,
    "name": "North Platte",
    "river": "North Platte",
    "section": "01. State line to French Creek (Northgate Canyon)",
  },
  {
    "id": 3375,
    "name": "Oh Be Joyful Creek",
    "river": "Oh Be Joyful Creek",
    "section": "01. Ankle Breaker to Beaver Ponds",
  },
  {
    "id": 5274,
    "name": "Park Creek",
    "river": "Park Creek",
    "section": "01. CR 80 to Park Creek Res.",
  },
  {
    "id": 409,
    "name": "Piedra",
    "river": "Piedra",
    "section": "01. Upper Piedra CG to 1st Fork Bridge",
  },
  {
    "id": 410,
    "name": "Piedra",
    "river": "Piedra",
    "section": "02. 1st Fork Bridge to Lower Piedra CG",
  },
  {
    "id": 411,
    "name": "Piedra",
    "river": "Piedra",
    "section": "03. Lower Piedra CG to Navajo Reservoir",
  },
  {
    "id": 412,
    "name": "Piney",
    "river": "Piney",
    "section": "01. Piney Crossing to State Bridge",
  },
  {
    "id": 4264,
    "name": "Plateau Creek",
    "river": "Plateau Creek",
    "section": "01. Hwy 65 to I-70",
  },
  {
    "id": 413,
    "name": "Purgatoire",
    "river": "Purgatoire",
    "section": "01. US 350 to Highway 109",
  },
  {
    "id": 414,
    "name": "Rio Blanco",
    "river": "Rio Blanco",
    "section": "01. Highway 84 to San Juan River",
  },
  {
    "id": 415,
    "name": "Rio Grande",
    "river": "Rio Grande",
    "section": "01. Box Canyon (CO)",
  },
  {
    "id": 11113,
    "name": "Rio Grande",
    "river": "Rio Grande",
    "section": "02. Box Canyon to Creede",
  },
  {
    "id": 11114,
    "name": "Rio Grande",
    "river": "Rio Grande",
    "section": "03. Creede to Wagon Wheel Gap",
  },
  {
    "id": 416,
    "name": "Rio Grande",
    "river": "Rio Grande",
    "section": "04. Wagon Wheel Gap to South Fork",
  },
  {
    "id": 11116,
    "name": "Rio Grande",
    "river": "Rio Grande",
    "section": "05. South Fork to Del Norte",
  },
  {
    "id": 11125,
    "name": "Rio Grande",
    "river": "Rio Grande",
    "section": "06. Alamosa to Lasauses",
  },
  {
    "id": 11118,
    "name": "Rio Grande",
    "river": "Rio Grande",
    "section": "07. Lasauses to Lobatos Bridge",
  },
  {
    "id": 11119,
    "name": "Rio Grande",
    "river": "Rio Grande",
    "section": "08. Lobatos Bridge to Lee Trail (NM)",
  },
  {
    "id": 2288,
    "name": "Roaring Fork",
    "river": "Roaring Fork",
    "section": "01. Weller Lake to Difficult CG",
  },
  {
    "id": 417,
    "name": "Roaring Fork",
    "river": "Roaring Fork",
    "section": "02. Slaughterhouse",
  },
  {
    "id": 2138,
    "name": "Roaring Fork",
    "river": "Roaring Fork",
    "section": "03. Upper Woody Creek Bridge to Lower Woody Creek Bridge",
  },
  {
    "id": 1649,
    "name": "Roaring Fork",
    "river": "Roaring Fork",
    "section": "04. Lower Woody Creek Bridge to Rte. 82 Bridge",
  },
  {
    "id": 1463,
    "name": "Roaring Fork",
    "river": "Roaring Fork",
    "section": "05. Basalt to Carbondale",
  },
  {
    "id": 418,
    "name": "Roaring Fork",
    "river": "Roaring Fork",
    "section": "07. Black Bridge to Veltus Park (Cemetery)",
  },
  {
    "id": 11319,
    "name": "Roaring Fork",
    "river": "Roaring Fork",
    "section": "Carbondale to Black Bridge",
  },
  {
    "id": 11318,
    "name": "Roaring Fork",
    "river": "Roaring Fork",
    "section": "Wingo to Confluence (Fisherman’s Park)",
  },
  {
    "id": 2901,
    "name": "Rock Creek",
    "river": "Rock Creek",
    "section": "01. Gore Pass to HWY 131",
  },
  {
    "id": 4049,
    "name": "Saint Vrain Creek, North",
    "river": "Saint Vrain Creek, North",
    "section": "01. Peak to Peak Hwy to Buttonrock Preserve",
  },
  {
    "id": 4050,
    "name": "Saint Vrain Creek, North",
    "river": "Saint Vrain Creek, North",
    "section": "02. Buttonrock Preserve to CR 80 (Proving Grounds)",
  },
  {
    "id": 2884,
    "name": "Saint Vrain Creek, North",
    "river": "Saint Vrain Creek, North",
    "section": "03. CR 80 to Apple Valley Bridge (Shellys)",
  },
  {
    "id": 11121,
    "name": "Saint Vrain Creek, North",
    "river": "Saint Vrain Creek, North",
    "section": "04. Apple Valley Bridge to Lyons",
  },
  {
    "id": 4350,
    "name": "Saint Vrain Creek, South",
    "river": "Saint Vrain Creek, South",
    "section": "01. Ceran St. Vrain TH to Middle St Vrain Confluence",
  },
  {
    "id": 4008,
    "name": "Saint Vrain Creek, South",
    "river": "Saint Vrain Creek, South",
    "section": "02. Narrows",
  },
  {
    "id": 11127,
    "name": "Saint Vrain Creek, South",
    "river": "Saint Vrain Creek, South",
    "section": "03. Lower Narrows (Lunchtime Run)",
  },
  {
    "id": 11122,
    "name": "Saint Vrain Creek, South",
    "river": "Saint Vrain Creek, South",
    "section": "04. Quarry to Lyons",
  },
  {
    "id": 11126,
    "name": "Saint Vrain Creek",
    "river": "Saint Vrain Creek",
    "section": "01. Black Bear Hole",
  },
  {
    "id": 11123,
    "name": "Saint Vrain Creek",
    "river": "Saint Vrain Creek",
    "section": "03. Longmont to St. Vrain State Park ",
  },
  {
    "id": 419,
    "name": "San Juan, East Fork",
    "river": "San Juan, East Fork",
    "section": "01. East Fork to 160 Bridge",
  },
  {
    "id": 4549,
    "name": "San Juan, West Fork",
    "river": "San Juan, West Fork",
    "section": "01. Footbridge to road near WF Campground",
  },
  {
    "id": 1233,
    "name": "San Juan",
    "river": "San Juan",
    "section": "01. Navajo Dam to Four Corners",
  },
  {
    "id": 3171,
    "name": "San Juan",
    "river": "San Juan",
    "section": "01. Riverside Campground to Yamaguchi Park",
  },
  {
    "id": 420,
    "name": "San Juan",
    "river": "San Juan",
    "section": "02. Pagosa Springs to Trujillo Rd",
  },
  {
    "id": 10677,
    "name": "San Miguel",
    "river": "San Miguel",
    "section": "01. Conoco Station to Bilk Creek",
  },
  {
    "id": 3367,
    "name": "San Miguel",
    "river": "San Miguel",
    "section": "02. Bilk Creek to Down Valley Park",
  },
  {
    "id": 3342,
    "name": "San Miguel",
    "river": "San Miguel",
    "section": "03. Down Valley Park to Specie Creek",
  },
  {
    "id": 10678,
    "name": "San Miguel",
    "river": "San Miguel",
    "section": "04. Specie Creek to Beaver Creek",
  },
  {
    "id": 422,
    "name": "San Miguel",
    "river": "San Miguel",
    "section": "05.Beaver Creek to Pinon Bridge",
  },
  {
    "id": 10894,
    "name": "San Miguel",
    "river": "San Miguel",
    "section": "06. Pinon Bridge to Naturita",
  },
  {
    "id": 10895,
    "name": "San Miguel",
    "river": "San Miguel",
    "section": "07. Naturita to Dolores Confluence",
  },
  {
    "id": 11105,
    "name": "Slate River ",
    "river": "Slate River ",
    "section": "03. Skyland Bridge to CB South ",
  },
  {
    "id": 3377,
    "name": "Slate River",
    "river": "Slate River",
    "section": "01. Beaver Ponds to Oh Be Joyful CG",
  },
  {
    "id": 11104,
    "name": "Slate River",
    "river": "Slate River",
    "section": "02. Oh Be Joyful Campground to Skyland Bridge ",
  },
  {
    "id": 4689,
    "name": "Slate, North Fork",
    "river": "Slate, North Fork",
    "section": "01. North Fork of Slate Drop",
  },
  {
    "id": 6606,
    "name": "Snake River",
    "river": "Snake River",
    "section": "01. Keystone Lodge to Swan Mtn Rd",
  },
  {
    "id": 427,
    "name": "South Platte, North Fork",
    "river": "South Platte, North Fork",
    "section": "01. Bailey to Pine",
  },
  {
    "id": 11440,
    "name": "South Platte, North Fork",
    "river": "South Platte, North Fork",
    "section": "02. Pine Valley Ranch to Buffalo Creek",
  },
  {
    "id": 426,
    "name": "South Platte, North Fork",
    "river": "South Platte, North Fork",
    "section": "03. Buffalo Creek to South Platte",
  },
  {
    "id": 3787,
    "name": "South Platte",
    "river": "South Platte",
    "section": "01. Eleven Mile Canyon",
  },
  {
    "id": 2835,
    "name": "South Platte",
    "river": "South Platte",
    "section": "02. Lake George to Cheesman Reservoir",
  },
  {
    "id": 4262,
    "name": "South Platte",
    "river": "South Platte",
    "section": "03. Cheeseman Reservoir to Deckers",
  },
  {
    "id": 424,
    "name": "South Platte",
    "river": "South Platte",
    "section": "04. Deckers to Confluence with North Fork",
  },
  {
    "id": 423,
    "name": "South Platte",
    "river": "South Platte",
    "section": "05. Waterton Canyon",
  },
  {
    "id": 4263,
    "name": "South Platte",
    "river": "South Platte",
    "section": "06. Union Chutes",
  },
  {
    "id": 425,
    "name": "South Platte",
    "river": "South Platte",
    "section": "07. Confluence Park (of South Platte with Cherry Creek)",
  },
  {
    "id": 11291,
    "name": "South Platte",
    "river": "South Platte",
    "section": "08. 74th to 104th",
  },
  {
    "id": 3206,
    "name": "South Platte",
    "river": "South Platte",
    "section": "09. Brighton City Park to Ft. Lupton",
  },
  {
    "id": 2547,
    "name": "Sweetwater Creek",
    "river": "Sweetwater Creek",
    "section": "01. Pine Valley Ranch to Anderson Camp",
  },
  {
    "id": 11060,
    "name": "Taylor River ",
    "river": "Taylor River ",
    "section": "01. 748 Bridge to Pieplant Ranch",
  },
  {
    "id": 428,
    "name": "Taylor River ",
    "river": "Taylor River ",
    "section": "02. Taylor Park Reservoir to Almont",
  },
  {
    "id": 2826,
    "name": "Tenmile Creek",
    "river": "Tenmile Creek",
    "section": "01. Near Copper Mountain Ski Area to Dillon Reservoir",
  },
  {
    "id": 4546,
    "name": "Treasure Creek",
    "river": "Treasure Creek",
    "section": "01. Horsethief Park to Stunner CG",
  },
  {
    "id": 10999,
    "name": "Trout Creek",
    "river": "Trout Creek",
    "section": "Dunckley - Flat Tops Wilderness",
  },
  {
    "id": 5769,
    "name": "Uncompahgre River",
    "river": "Uncompahgre River",
    "section": "01. Uncompahgre Gorge",
  },
  {
    "id": 429,
    "name": "Uncompahgre River",
    "river": "Uncompahgre River",
    "section": "02. Ouray to KOA campground",
  },
  {
    "id": 5180,
    "name": "Uncompahgre River",
    "river": "Uncompahgre River",
    "section": "03. Rollans park to Ridgway Reservoir",
  },
  {
    "id": 10679,
    "name": "Uncompahgre River",
    "river": "Uncompahgre River",
    "section": "04. Billy Creek SWA to Trout Rd",
  },
  {
    "id": 3452,
    "name": "Vallecito Creek",
    "river": "Vallecito Creek",
    "section": "01. 1 Mile Above Vallecito CG",
  },
  {
    "id": 431,
    "name": "White, North Fork",
    "river": "White, North Fork",
    "section": "01. Mirror Lake to South Fork",
  },
  {
    "id": 432,
    "name": "White, South Fork",
    "river": "White, South Fork",
    "section": "01. National Forest CG to North Fork",
  },
  {
    "id": 430,
    "name": "White",
    "river": "White",
    "section": "02. Rangely to Bonanza Bridge",
  },
  {
    "id": 433,
    "name": "Williams Fork",
    "river": "Williams Fork",
    "section": "01. Horseshoe CG to Williams Fork Reservoir",
  },
  {
    "id": 434,
    "name": "Willow Creek",
    "river": "Willow Creek",
    "section": "01. National Forest CG to Reservoir",
  },
  {
    "id": 10524,
    "name": "Willow Creek",
    "river": "Willow Creek",
    "section": "01. Steamboat Lake to Elk River",
  },
  {
    "id": 3633,
    "name": "Wolf Creek",
    "river": "Wolf Creek",
    "section": "01. Downstream from Highway 160 Bridge",
  },
  {
    "id": 4112,
    "name": "Woods Creek",
    "river": "Woods Creek",
    "section": "01. Henderson Mine to West Fork Clear Creek",
  },
  {
    "id": 435,
    "name": "Yampa",
    "river": "Yampa",
    "section": "01. Yampa River Park to Transit Center",
  },
  {
    "id": 10522,
    "name": "Yampa",
    "river": "Yampa",
    "section": "02. Transit Center to Pump Station",
  },
  {
    "id": 10523,
    "name": "Yampa",
    "river": "Yampa",
    "section": "03. Little Yampa Canyon",
  },
  {
    "id": 436,
    "name": "Yampa",
    "river": "Yampa",
    "section": "04. Cross Mountain Gorge -  85 Rd to Deer Lodge Park Rd",
  },
  {
    "id": 437,
    "name": "Yampa",
    "river": "Yampa",
    "section": "05. Deerlodge Park to Echo Park",
  },
  {
    "id": 11313,
    "name": "Yampa",
    "river": "Yampa",
    "section": "Dorsey to Pebble Beach",
  },
  {
    "id": 11315,
    "name": "Yampa",
    "river": "Yampa",
    "section": "Loudy Simpson to South Beach",
  },
  {
    "id": 11316,
    "name": "Yampa",
    "river": "Yampa",
    "section": "Maybell Bridge to Sunbeam",
  },
  {
    "id": 11314,
    "name": "Yampa",
    "river": "Yampa",
    "section": "Pebble Beach to Loudy Simpson",
  },
  {
    "id": 11311,
    "name": "Yampa",
    "river": "Yampa",
    "section": "Pump Station to Yampa River State Park",
  },
  {
    "id": 11317,
    "name": "Yampa",
    "river": "Yampa",
    "section": "Sunbeam to East Cross Mountain",
  },
  {
    "id": 11312,
    "name": "Yampa",
    "river": "Yampa",
    "section": "Yampa River State Park to Dorsey",
  },
  {
    "id": 4105,
    "name": "Yule Creek",
    "river": "Yule Creek",
    "section": "01. Headwaters Run",
  },
  {
    "id": 4384,
    "name": "Yule Creek",
    "river": "Yule Creek",
    "section": "02. Bible Camp to Crystal River",
  },
]
`;

exports[`Reach should return status 200 and reach by state 2`] = `
[
  {
    "id": 6559,
    "name": "Animas",
    "river": "Animas",
    "section": "01. Eureka to Howardsville",
  },
  {
    "id": 6560,
    "name": "Animas",
    "river": "Animas",
    "section": "02. Howardsville to Silverton",
  },
  {
    "id": 346,
    "name": "Animas",
    "river": "Animas",
    "section": "03. Silverton to Tacoma ",
  },
  {
    "id": 347,
    "name": "Animas",
    "river": "Animas",
    "section": "04. Tacoma to Rockwood Rail Yard (Rockwood Box)",
  },
  {
    "id": 4530,
    "name": "Animas",
    "river": "Animas",
    "section": "05. Bakers Box",
  },
  {
    "id": 348,
    "name": "Animas",
    "river": "Animas",
    "section": "06. Bakers Bridge to Trimble Lane",
  },
  {
    "id": 349,
    "name": "Animas",
    "river": "Animas",
    "section": "07. Trimble Lane to 32nd Street Park",
  },
  {
    "id": 351,
    "name": "Animas",
    "river": "Animas",
    "section": "08. 32nd St. Park to Purple Cliffs",
  },
  {
    "id": 352,
    "name": "Animas",
    "river": "Animas",
    "section": "09. Purple Cliffs to State Line",
  },
  {
    "id": 3097,
    "name": "Anthracite Creek, Ruby Fork",
    "river": "Anthracite Creek, Ruby Fork",
    "section": "01. Bridge to Erikson Springs Campground",
  },
  {
    "id": 355,
    "name": "Arkansas",
    "river": "Arkansas",
    "section": "01. Granite to Numbers Launch Site",
  },
  {
    "id": 356,
    "name": "Arkansas",
    "river": "Arkansas",
    "section": "02. Numbers Launch to Railroad Bridge Launch",
  },
  {
    "id": 357,
    "name": "Arkansas",
    "river": "Arkansas",
    "section": "03. Railroad Bridge Launch to Buena Vista",
  },
  {
    "id": 4347,
    "name": "Arkansas",
    "river": "Arkansas",
    "section": "04. Buena Vista to Fisherman's Bridge",
  },
  {
    "id": 358,
    "name": "Arkansas",
    "river": "Arkansas",
    "section": "05. Fisherman's Bridge access to Stone Bridge access",
  },
  {
    "id": 4348,
    "name": "Arkansas",
    "river": "Arkansas",
    "section": "06. Stone Bridge to Salida",
  },
  {
    "id": 6769,
    "name": "Arkansas",
    "river": "Arkansas",
    "section": "07. Salida to Rincon",
  },
  {
    "id": 4349,
    "name": "Arkansas",
    "river": "Arkansas",
    "section": "08. Rincon to Pinnacle Rock",
  },
  {
    "id": 359,
    "name": "Arkansas",
    "river": "Arkansas",
    "section": "09. Pinnacle Rock Launch to Parkdale Launch",
  },
  {
    "id": 360,
    "name": "Arkansas",
    "river": "Arkansas",
    "section": "10. Parkdale Launch to Canon City (Royal Gorge)",
  },
  {
    "id": 11450,
    "name": "Arkansas",
    "river": "Arkansas",
    "section": "11. Centennial Park to Mackenzie Takeout ",
  },
  {
    "id": 10639,
    "name": "Arkansas",
    "river": "Arkansas",
    "section": "14. Pueblo Whitewater Park",
  },
  {
    "id": 2823,
    "name": "Bear Creek",
    "river": "Bear Creek",
    "section": "01. Idledale to Morrison",
  },
  {
    "id": 11183,
    "name": "Big Thompson",
    "river": "Big Thompson",
    "section": "01. Estes Park Dam to Fishing Pier",
  },
  {
    "id": 4385,
    "name": "Big Thompson",
    "river": "Big Thompson",
    "section": "02. Fishing Pier to Forks Park",
  },
  {
    "id": 361,
    "name": "Big Thompson",
    "river": "Big Thompson",
    "section": "03. Forks Park to Narrows Park",
  },
  {
    "id": 11184,
    "name": "Big Thompson",
    "river": "Big Thompson",
    "section": "04. Diversion Dam to Dam Store",
  },
  {
    "id": 10347,
    "name": "Blue",
    "river": "Blue",
    "section": "01. Breckenridge Town Run",
  },
  {
    "id": 362,
    "name": "Blue",
    "river": "Blue",
    "section": "02. Blue River Campground to Columbine Landing",
  },
  {
    "id": 363,
    "name": "Blue",
    "river": "Blue",
    "section": "03. Green Mountain Reservoir to Spring Creek Road",
  },
  {
    "id": 4224,
    "name": "Boulder Creek, North",
    "river": "Boulder Creek, North",
    "section": "01. Switzerland Park to Boulder Falls",
  },
  {
    "id": 4238,
    "name": "Boulder Creek, South",
    "river": "Boulder Creek, South",
    "section": "01. Rollinsville to Pinecliffe (Alto Alto Section)",
  },
  {
    "id": 3125,
    "name": "Boulder Creek, South",
    "river": "Boulder Creek, South",
    "section": "02. Pinecliffe to Gross Mountain Reservoir",
  },
  {
    "id": 2883,
    "name": "Boulder Creek, South",
    "river": "Boulder Creek, South",
    "section": "03. Gross Mountain Res to Eldorado State Park",
  },
  {
    "id": 3453,
    "name": "Boulder Creek, South",
    "river": "Boulder Creek, South",
    "section": "04. Eldorado Canyon",
  },
  {
    "id": 3360,
    "name": "Boulder Creek",
    "river": "Boulder Creek",
    "section": "01. Gun Shy to Jasper Creek",
  },
  {
    "id": 11181,
    "name": "Boulder Creek",
    "river": "Boulder Creek",
    "section": "02. the AMP section",
  },
  {
    "id": 4223,
    "name": "Boulder Creek",
    "river": "Boulder Creek",
    "section": "03. MM 32 to Blue Bridge",
  },
  {
    "id": 364,
    "name": "Boulder Creek",
    "river": "Boulder Creek",
    "section": "04. Blue Bridge to Eben G Fine Park",
  },
  {
    "id": 2881,
    "name": "Boulder Creek",
    "river": "Boulder Creek",
    "section": "05. Eben G Fine Park to CU Greenhouse",
  },
  {
    "id": 4265,
    "name": "Buzzard Creek",
    "river": "Buzzard Creek",
    "section": "01. 64.30 Rd to Collbran",
  },
  {
    "id": 373,
    "name": "Cache La Poudre, North Fork",
    "river": "Cache La Poudre, North Fork",
    "section": "01. Cherokee Park Rd (near Trails End) to Halligan Res. (upper)",
  },
  {
    "id": 2822,
    "name": "Cache La Poudre, North Fork",
    "river": "Cache La Poudre, North Fork",
    "section": "02. Lower: Livermore Bridge to Main Stem",
  },
  {
    "id": 374,
    "name": "Cache La Poudre, South Fork",
    "river": "Cache La Poudre, South Fork",
    "section": "01. Fish Creek TH to Main fork",
  },
  {
    "id": 365,
    "name": "Cache La Poudre",
    "river": "Cache La Poudre",
    "section": "01. Long Draw Reservoir to Big South Campground",
  },
  {
    "id": 369,
    "name": "Cache La Poudre",
    "river": "Cache La Poudre",
    "section": "02. Big South Campground to Tunnel Picnic Ground",
  },
  {
    "id": 367,
    "name": "Cache La Poudre",
    "river": "Cache La Poudre",
    "section": "03. Tunnel Picnic Ground to Indian Meadows Bridge",
  },
  {
    "id": 368,
    "name": "Cache La Poudre",
    "river": "Cache La Poudre",
    "section": "04. Indian Meadows Bridge to Narrows Picnic Ground",
  },
  {
    "id": 370,
    "name": "Cache La Poudre",
    "river": "Cache La Poudre",
    "section": "05. Narrows Picnic Ground to Steven's Gulch Access",
  },
  {
    "id": 371,
    "name": "Cache La Poudre",
    "river": "Cache La Poudre",
    "section": "06. Steven's Gulch Access to Mishawaka Inn",
  },
  {
    "id": 3368,
    "name": "Cache La Poudre",
    "river": "Cache La Poudre",
    "section": "07. Mishawaka Inn to Poudre Park",
  },
  {
    "id": 3369,
    "name": "Cache La Poudre",
    "river": "Cache La Poudre",
    "section": "08. Poudre Park Picnic Grounds to below Pineview Falls",
  },
  {
    "id": 3370,
    "name": "Cache La Poudre",
    "river": "Cache La Poudre",
    "section": "09. Below Pineview Falls to Bridges Take-out (Bridges Section)",
  },
  {
    "id": 372,
    "name": "Cache La Poudre",
    "river": "Cache La Poudre",
    "section": "10. Below Filter Plant to Picnic Rock Access",
  },
  {
    "id": 11199,
    "name": "Cache La Poudre",
    "river": "Cache La Poudre",
    "section": "11. Fort Collins Play Park",
  },
  {
    "id": 3328,
    "name": "Canyon Creek",
    "river": "Canyon Creek",
    "section": "01. To Animas River",
  },
  {
    "id": 1666,
    "name": "Castle Creek",
    "river": "Castle Creek",
    "section": "01. Aspen Music School to Slaughterhouse Bridge on Roaring Fork",
  },
  {
    "id": 375,
    "name": "Cebolla",
    "river": "Cebolla",
    "section": "01. Hwy 149 to Blue Mesa Reservoir",
  },
  {
    "id": 3547,
    "name": "Cimarron",
    "river": "Cimarron",
    "section": "01. Big Cimarron Campground to Cimarron Rd. Bridge",
  },
  {
    "id": 3445,
    "name": "Cimarron",
    "river": "Cimarron",
    "section": "02. Cimarron to Gunnison River",
  },
  {
    "id": 3110,
    "name": "Clear Creek of the Arkansas (an Arkansas River Tributary)",
    "river": "Clear Creek of the Arkansas (an Arkansas River Tributary)",
    "section": "01. Missouri Creek TH to Dirt Road",
  },
  {
    "id": 1796,
    "name": "Clear Creek, West Fork",
    "river": "Clear Creek, West Fork",
    "section": "01. Coors Falls to Gunshot",
  },
  {
    "id": 4258,
    "name": "Clear Creek",
    "river": "Clear Creek",
    "section": "01. Loveland Ski Area to Silverplume",
  },
  {
    "id": 4256,
    "name": "Clear Creek",
    "river": "Clear Creek",
    "section": "02. Silverplume to Georgetown",
  },
  {
    "id": 2819,
    "name": "Clear Creek",
    "river": "Clear Creek",
    "section": "03. Lawson to Idaho Springs",
  },
  {
    "id": 11563,
    "name": "Clear Creek",
    "river": "Clear Creek",
    "section": "04. Idaho Springs Town Run",
  },
  {
    "id": 4257,
    "name": "Clear Creek",
    "river": "Clear Creek",
    "section": "05. Upper Clear Creek ("Kermits")",
  },
  {
    "id": 11564,
    "name": "Clear Creek",
    "river": "Clear Creek",
    "section": "06. Middle Clear Creek",
  },
  {
    "id": 3361,
    "name": "Clear Creek",
    "river": "Clear Creek",
    "section": "07. Black Rock - Green Bay Rock (MM 262.9) to Rigor Mortis (MM 267.2)",
  },
  {
    "id": 376,
    "name": "Clear Creek",
    "river": "Clear Creek",
    "section": "08. Lower - Rigor Mortis (MM 267.2) to the diversion Dam",
  },
  {
    "id": 11178,
    "name": "Clear Creek",
    "river": "Clear Creek",
    "section": "09. Tunnel 1 Down",
  },
  {
    "id": 11179,
    "name": "Clear Creek",
    "river": "Clear Creek",
    "section": "10. Golden Whitewater Park",
  },
  {
    "id": 377,
    "name": "Colorado",
    "river": "Colorado",
    "section": "01. Hot Sulphur Springs to Hwy 40 bridge",
  },
  {
    "id": 378,
    "name": "Colorado",
    "river": "Colorado",
    "section": "02. Gore Canyon",
  },
  {
    "id": 379,
    "name": "Colorado",
    "river": "Colorado",
    "section": "03. Pumphouse campground to State Bridge",
  },
  {
    "id": 5427,
    "name": "Colorado",
    "river": "Colorado",
    "section": "04. State Bridge to Burns",
  },
  {
    "id": 5430,
    "name": "Colorado",
    "river": "Colorado",
    "section": "05. Burns to Dotsero",
  },
  {
    "id": 380,
    "name": "Colorado",
    "river": "Colorado",
    "section": "06. Hanging Lake Exit 125 (I-70) to Shoshone Power Plant Exit 123 (I-70)",
  },
  {
    "id": 4260,
    "name": "Colorado",
    "river": "Colorado",
    "section": "07. Shoshone Power Plant, Exit 123 (I-70) to Grizzly Creek, Exit 121 (I-70)",
  },
  {
    "id": 5428,
    "name": "Colorado",
    "river": "Colorado",
    "section": "08. Grizzly Creek to Two Rivers Park",
  },
  {
    "id": 10349,
    "name": "Colorado",
    "river": "Colorado",
    "section": "09. Two Rivers to South Canyon",
  },
  {
    "id": 10348,
    "name": "Colorado",
    "river": "Colorado",
    "section": "10. South Canyon to New Castle",
  },
  {
    "id": 10682,
    "name": "Colorado",
    "river": "Colorado",
    "section": "11. New Castle to Cameo",
  },
  {
    "id": 4261,
    "name": "Colorado",
    "river": "Colorado",
    "section": "12. Big Sur",
  },
  {
    "id": 10520,
    "name": "Colorado",
    "river": "Colorado",
    "section": "13. Grand Junction Town",
  },
  {
    "id": 381,
    "name": "Colorado",
    "river": "Colorado",
    "section": "14. Loma launch to Westwater launch (Ruby - Horsethief)",
  },
  {
    "id": 382,
    "name": "Conejos",
    "river": "Conejos",
    "section": "01. Platoro Res. to South Fork Conejos",
  },
  {
    "id": 11124,
    "name": "Conejos",
    "river": "Conejos",
    "section": "02. South Fork CG to Highway 17 Bridge",
  },
  {
    "id": 11120,
    "name": "Conejos",
    "river": "Conejos",
    "section": "03. Hwy 17 to Mogote CG",
  },
  {
    "id": 4301,
    "name": "Cross Creek",
    "river": "Cross Creek",
    "section": "01. Cross Creek",
  },
  {
    "id": 11320,
    "name": "Crystal River",
    "river": "Crystal River",
    "section": "BRB Campground to Confluence with Roaring Fork",
  },
  {
    "id": 1615,
    "name": "Crystal, North Fork",
    "river": "Crystal, North Fork",
    "section": "01. To Scree Slope",
  },
  {
    "id": 4234,
    "name": "Crystal, South Fork",
    "river": "Crystal, South Fork",
    "section": "01. Schofield Pass to Crystal",
  },
  {
    "id": 2718,
    "name": "Crystal",
    "river": "Crystal",
    "section": "01. Crystal Mill Falls to Crystal Gorge",
  },
  {
    "id": 1317,
    "name": "Crystal",
    "river": "Crystal",
    "section": "02. Road to Crystal to Beaver Lake",
  },
  {
    "id": 2105,
    "name": "Crystal",
    "river": "Crystal",
    "section": "03. Marble to Redstone",
  },
  {
    "id": 1737,
    "name": "Crystal",
    "river": "Crystal",
    "section": "04. Redstone to Penny Hot Springs",
  },
  {
    "id": 383,
    "name": "Crystal",
    "river": "Crystal",
    "section": "05. Penny Hot Springs to Avalanche Creek",
  },
  {
    "id": 1157,
    "name": "Crystal",
    "river": "Crystal",
    "section": "06. Avalanche Creek to B.R.B. Campground",
  },
  {
    "id": 3378,
    "name": "Daisy Creek",
    "river": "Daisy Creek",
    "section": "01. 40' Waterfall to confluence with Slate River",
  },
  {
    "id": 384,
    "name": "Dolores",
    "river": "Dolores",
    "section": "01. Rico to Big Rock (West Fork)",
  },
  {
    "id": 11058,
    "name": "Dolores",
    "river": "Dolores",
    "section": "02. West Fork to McPhee Reservoir",
  },
  {
    "id": 385,
    "name": "Dolores",
    "river": "Dolores",
    "section": "03. Bradfield Launch (McPhee Reservoir) to Dove Creek Pump Station",
  },
  {
    "id": 386,
    "name": "Dolores",
    "river": "Dolores",
    "section": "04. Dove Creek Pump Station to Slickrock",
  },
  {
    "id": 387,
    "name": "Dolores",
    "river": "Dolores",
    "section": "05. Slickrock to Bedrock",
  },
  {
    "id": 388,
    "name": "Dolores",
    "river": "Dolores",
    "section": "06. Bedrock to Gateway",
  },
  {
    "id": 389,
    "name": "Dolores",
    "river": "Dolores",
    "section": "07. Gateway to Colorado River (UT)",
  },
  {
    "id": 4299,
    "name": "Eagle River",
    "river": "Eagle River",
    "section": "01. Camp Hale to Red Cliff (Source)",
  },
  {
    "id": 390,
    "name": "Eagle River",
    "river": "Eagle River",
    "section": "02. Redcliff to Tigiwon Rd/FR 707 (Gilman Gorge)",
  },
  {
    "id": 11134,
    "name": "Eagle River",
    "river": "Eagle River",
    "section": "03. FR 707 to Forest Service Visitors Center (Minturn Town Run)",
  },
  {
    "id": 4266,
    "name": "Eagle River",
    "river": "Eagle River",
    "section": "04. Forest Service Visitor Center to River Run (Dowd Chute)",
  },
  {
    "id": 391,
    "name": "Eagle River",
    "river": "Eagle River",
    "section": "05. River Run to Edwards",
  },
  {
    "id": 2882,
    "name": "Eagle River",
    "river": "Eagle River",
    "section": "06. Edwards to Eagle",
  },
  {
    "id": 11135,
    "name": "Eagle River",
    "river": "Eagle River",
    "section": "07. Eagle to Gypsum",
  },
  {
    "id": 11136,
    "name": "Eagle River",
    "river": "Eagle River",
    "section": "08. Gypsum to Dotsero",
  },
  {
    "id": 3379,
    "name": "East",
    "river": "East",
    "section": "01. Gothic Bridge to above Stupid Falls",
  },
  {
    "id": 11055,
    "name": "East",
    "river": "East",
    "section": "02. CB South to Almont",
  },
  {
    "id": 6341,
    "name": "Elk Creek (Animas trib.)",
    "river": "Elk Creek (Animas trib.)",
    "section": "01. Elk Creek (Animas trib.)",
  },
  {
    "id": 1480,
    "name": "Elk River",
    "river": "Elk River",
    "section": "01. Box Canyon ",
  },
  {
    "id": 392,
    "name": "Elk River",
    "river": "Elk River",
    "section": "02. Box Canyon Campground to Glen Eden Bridge",
  },
  {
    "id": 393,
    "name": "Elk River",
    "river": "Elk River",
    "section": "03. Two miles above Mad Creek to Mad Creek",
  },
  {
    "id": 3410,
    "name": "Escalante Creek",
    "river": "Escalante Creek",
    "section": "01. Escalante Forks to Captain Smith's Cabin",
  },
  {
    "id": 4776,
    "name": "Fish Creek",
    "river": "Fish Creek",
    "section": "01. Fish Creek Falls to Diversion Dam",
  },
  {
    "id": 4777,
    "name": "Fish Creek",
    "river": "Fish Creek",
    "section": "02. Diversion Dam to Safeway",
  },
  {
    "id": 395,
    "name": "Fraser",
    "river": "Fraser",
    "section": "01. Tabernash to Granby",
  },
  {
    "id": 2740,
    "name": "Fryingpan",
    "river": "Fryingpan",
    "section": "01. Upper",
  },
  {
    "id": 396,
    "name": "Fryingpan",
    "river": "Fryingpan",
    "section": "02. Taylor Creek to Basalt",
  },
  {
    "id": 4306,
    "name": "Gore Creek",
    "river": "Gore Creek",
    "section": "01. Upper Gore Creek (Upstream of the golf course)",
  },
  {
    "id": 397,
    "name": "Gore Creek",
    "river": "Gore Creek",
    "section": "02. East Vail Exit (I-70) to Vail",
  },
  {
    "id": 11137,
    "name": "Gore Creek",
    "river": "Gore Creek",
    "section": "03. Vail to Eagle River",
  },
  {
    "id": 2524,
    "name": "Grape Creek",
    "river": "Grape Creek",
    "section": "01. Bear Gulch to Centennial Park",
  },
  {
    "id": 1852,
    "name": "Green",
    "river": "Green",
    "section": "01. Flaming Gorge to Lodore (CO) ",
  },
  {
    "id": 399,
    "name": "Green",
    "river": "Green",
    "section": "02. Lodore to Echo Park ",
  },
  {
    "id": 1853,
    "name": "Green",
    "river": "Green",
    "section": "03. Echo Park (CO) to Split Mountain",
  },
  {
    "id": 2665,
    "name": "Grizzly Creek",
    "river": "Grizzly Creek",
    "section": "01.1 Mile up trail to Grizzly Creek Rest Area",
  },
  {
    "id": 3098,
    "name": "Gunnison, North Fork",
    "river": "Gunnison, North Fork",
    "section": "01. Paonia Reservoir to below Somerset",
  },
  {
    "id": 400,
    "name": "Gunnison",
    "river": "Gunnison",
    "section": "01. Almont to Blue Mesa Reservoir",
  },
  {
    "id": 10691,
    "name": "Gunnison",
    "river": "Gunnison",
    "section": "02. Gunnison Whitewater Park",
  },
  {
    "id": 401,
    "name": "Gunnison",
    "river": "Gunnison",
    "section": "03. Crystal Dam to Chukar Trail ",
  },
  {
    "id": 402,
    "name": "Gunnison",
    "river": "Gunnison",
    "section": "04. Chukar to N. Fork",
  },
  {
    "id": 10564,
    "name": "Gunnison",
    "river": "Gunnison",
    "section": "05. Delta to Whitewater",
  },
  {
    "id": 3548,
    "name": "Henson Creek",
    "river": "Henson Creek",
    "section": "01. Above Nellie Creek to 1/2 mile from Lake City",
  },
  {
    "id": 403,
    "name": "Hermosa Creek",
    "river": "Hermosa Creek",
    "section": "01. Hermosa Park 16 mi to Dutch Creek, 8 mi to US 550",
  },
  {
    "id": 3415,
    "name": "Homestake Creek",
    "river": "Homestake Creek",
    "section": "01. 1/4 mi above confluence with Eagle River",
  },
  {
    "id": 4267,
    "name": "Jasper Creek",
    "river": "Jasper Creek",
    "section": "01. Class II to Boulder Creek",
  },
  {
    "id": 2859,
    "name": "Joe Wright Creek",
    "river": "Joe Wright Creek",
    "section": "01. CR 103 bridge to Big South Campground",
  },
  {
    "id": 3096,
    "name": "Kannah Creek",
    "river": "Kannah Creek",
    "section": "01. Kannah Creek TH to Girl Scout Camp Bridge",
  },
  {
    "id": 3376,
    "name": "Kannah Creek",
    "river": "Kannah Creek",
    "section": "02. Rte. 50 to Rte. 141 (Gunnison River)",
  },
  {
    "id": 404,
    "name": "Lake Creek",
    "river": "Lake Creek",
    "section": "01. MM 69 to Wills Gulch picnic area",
  },
  {
    "id": 4555,
    "name": "Lake Fork Gunnison",
    "river": "Lake Fork Gunnison",
    "section": "01. Cinnamon Gorge",
  },
  {
    "id": 406,
    "name": "Lake Fork Gunnison",
    "river": "Lake Fork Gunnison",
    "section": "02. Lake City Town Run",
  },
  {
    "id": 405,
    "name": "Lake Fork Gunnison",
    "river": "Lake Fork Gunnison",
    "section": "03. BLM CG at Redbridge to Gateview CG",
  },
  {
    "id": 4268,
    "name": "Left Hand Creek",
    "river": "Left Hand Creek",
    "section": "01. James Canyon Drive to Buckingham Park",
  },
  {
    "id": 3414,
    "name": "Lime Creek",
    "river": "Lime Creek",
    "section": "01. 1st Gorge",
  },
  {
    "id": 4235,
    "name": "Lime Creek",
    "river": "Lime Creek",
    "section": "02. 2nd Gorge",
  },
  {
    "id": 11162,
    "name": "Lime Creek",
    "river": "Lime Creek",
    "section": "03. 3rd Gorge",
  },
  {
    "id": 3413,
    "name": "Mineral Creek, South",
    "river": "Mineral Creek, South",
    "section": "01. Above South Mineral CG",
  },
  {
    "id": 6569,
    "name": "Mineral Creek",
    "river": "Mineral Creek",
    "section": "01. Mineral Creek",
  },
  {
    "id": 407,
    "name": "Navajo",
    "river": "Navajo",
    "section": "01. Lower 25 mi to San Juan confluence",
  },
  {
    "id": 547,
    "name": "Needle Creek",
    "river": "Needle Creek",
    "section": "01. Forest service Trail 504 Hike and Huck",
  },
  {
    "id": 2464,
    "name": "North Platte",
    "river": "North Platte",
    "section": "01. State line to French Creek (Northgate Canyon)",
  },
  {
    "id": 3375,
    "name": "Oh Be Joyful Creek",
    "river": "Oh Be Joyful Creek",
    "section": "01. Ankle Breaker to Beaver Ponds",
  },
  {
    "id": 5274,
    "name": "Park Creek",
    "river": "Park Creek",
    "section": "01. CR 80 to Park Creek Res.",
  },
  {
    "id": 409,
    "name": "Piedra",
    "river": "Piedra",
    "section": "01. Upper Piedra CG to 1st Fork Bridge",
  },
  {
    "id": 410,
    "name": "Piedra",
    "river": "Piedra",
    "section": "02. 1st Fork Bridge to Lower Piedra CG",
  },
  {
    "id": 411,
    "name": "Piedra",
    "river": "Piedra",
    "section": "03. Lower Piedra CG to Navajo Reservoir",
  },
  {
    "id": 412,
    "name": "Piney",
    "river": "Piney",
    "section": "01. Piney Crossing to State Bridge",
  },
  {
    "id": 4264,
    "name": "Plateau Creek",
    "river": "Plateau Creek",
    "section": "01. Hwy 65 to I-70",
  },
  {
    "id": 413,
    "name": "Purgatoire",
    "river": "Purgatoire",
    "section": "01. US 350 to Highway 109",
  },
  {
    "id": 414,
    "name": "Rio Blanco",
    "river": "Rio Blanco",
    "section": "01. Highway 84 to San Juan River",
  },
  {
    "id": 415,
    "name": "Rio Grande",
    "river": "Rio Grande",
    "section": "01. Box Canyon (CO)",
  },
  {
    "id": 11113,
    "name": "Rio Grande",
    "river": "Rio Grande",
    "section": "02. Box Canyon to Creede",
  },
  {
    "id": 11114,
    "name": "Rio Grande",
    "river": "Rio Grande",
    "section": "03. Creede to Wagon Wheel Gap",
  },
  {
    "id": 416,
    "name": "Rio Grande",
    "river": "Rio Grande",
    "section": "04. Wagon Wheel Gap to South Fork",
  },
  {
    "id": 11116,
    "name": "Rio Grande",
    "river": "Rio Grande",
    "section": "05. South Fork to Del Norte",
  },
  {
    "id": 11125,
    "name": "Rio Grande",
    "river": "Rio Grande",
    "section": "06. Alamosa to Lasauses",
  },
  {
    "id": 11118,
    "name": "Rio Grande",
    "river": "Rio Grande",
    "section": "07. Lasauses to Lobatos Bridge",
  },
  {
    "id": 11119,
    "name": "Rio Grande",
    "river": "Rio Grande",
    "section": "08. Lobatos Bridge to Lee Trail (NM)",
  },
  {
    "id": 2288,
    "name": "Roaring Fork",
    "river": "Roaring Fork",
    "section": "01. Weller Lake to Difficult CG",
  },
  {
    "id": 417,
    "name": "Roaring Fork",
    "river": "Roaring Fork",
    "section": "02. Slaughterhouse",
  },
  {
    "id": 2138,
    "name": "Roaring Fork",
    "river": "Roaring Fork",
    "section": "03. Upper Woody Creek Bridge to Lower Woody Creek Bridge",
  },
  {
    "id": 1649,
    "name": "Roaring Fork",
    "river": "Roaring Fork",
    "section": "04. Lower Woody Creek Bridge to Rte. 82 Bridge",
  },
  {
    "id": 1463,
    "name": "Roaring Fork",
    "river": "Roaring Fork",
    "section": "05. Basalt to Carbondale",
  },
  {
    "id": 418,
    "name": "Roaring Fork",
    "river": "Roaring Fork",
    "section": "07. Black Bridge to Veltus Park (Cemetery)",
  },
  {
    "id": 11319,
    "name": "Roaring Fork",
    "river": "Roaring Fork",
    "section": "Carbondale to Black Bridge",
  },
  {
    "id": 11318,
    "name": "Roaring Fork",
    "river": "Roaring Fork",
    "section": "Wingo to Confluence (Fisherman’s Park)",
  },
  {
    "id": 2901,
    "name": "Rock Creek",
    "river": "Rock Creek",
    "section": "01. Gore Pass to HWY 131",
  },
  {
    "id": 4049,
    "name": "Saint Vrain Creek, North",
    "river": "Saint Vrain Creek, North",
    "section": "01. Peak to Peak Hwy to Buttonrock Preserve",
  },
  {
    "id": 4050,
    "name": "Saint Vrain Creek, North",
    "river": "Saint Vrain Creek, North",
    "section": "02. Buttonrock Preserve to CR 80 (Proving Grounds)",
  },
  {
    "id": 2884,
    "name": "Saint Vrain Creek, North",
    "river": "Saint Vrain Creek, North",
    "section": "03. CR 80 to Apple Valley Bridge (Shellys)",
  },
  {
    "id": 11121,
    "name": "Saint Vrain Creek, North",
    "river": "Saint Vrain Creek, North",
    "section": "04. Apple Valley Bridge to Lyons",
  },
  {
    "id": 4350,
    "name": "Saint Vrain Creek, South",
    "river": "Saint Vrain Creek, South",
    "section": "01. Ceran St. Vrain TH to Middle St Vrain Confluence",
  },
  {
    "id": 4008,
    "name": "Saint Vrain Creek, South",
    "river": "Saint Vrain Creek, South",
    "section": "02. Narrows",
  },
  {
    "id": 11127,
    "name": "Saint Vrain Creek, South",
    "river": "Saint Vrain Creek, South",
    "section": "03. Lower Narrows (Lunchtime Run)",
  },
  {
    "id": 11122,
    "name": "Saint Vrain Creek, South",
    "river": "Saint Vrain Creek, South",
    "section": "04. Quarry to Lyons",
  },
  {
    "id": 11126,
    "name": "Saint Vrain Creek",
    "river": "Saint Vrain Creek",
    "section": "01. Black Bear Hole",
  },
  {
    "id": 11123,
    "name": "Saint Vrain Creek",
    "river": "Saint Vrain Creek",
    "section": "03. Longmont to St. Vrain State Park ",
  },
  {
    "id": 419,
    "name": "San Juan, East Fork",
    "river": "San Juan, East Fork",
    "section": "01. East Fork to 160 Bridge",
  },
  {
    "id": 4549,
    "name": "San Juan, West Fork",
    "river": "San Juan, West Fork",
    "section": "01. Footbridge to road near WF Campground",
  },
  {
    "id": 1233,
    "name": "San Juan",
    "river": "San Juan",
    "section": "01. Navajo Dam to Four Corners",
  },
  {
    "id": 3171,
    "name": "San Juan",
    "river": "San Juan",
    "section": "01. Riverside Campground to Yamaguchi Park",
  },
  {
    "id": 420,
    "name": "San Juan",
    "river": "San Juan",
    "section": "02. Pagosa Springs to Trujillo Rd",
  },
  {
    "id": 10677,
    "name": "San Miguel",
    "river": "San Miguel",
    "section": "01. Conoco Station to Bilk Creek",
  },
  {
    "id": 3367,
    "name": "San Miguel",
    "river": "San Miguel",
    "section": "02. Bilk Creek to Down Valley Park",
  },
  {
    "id": 3342,
    "name": "San Miguel",
    "river": "San Miguel",
    "section": "03. Down Valley Park to Specie Creek",
  },
  {
    "id": 10678,
    "name": "San Miguel",
    "river": "San Miguel",
    "section": "04. Specie Creek to Beaver Creek",
  },
  {
    "id": 422,
    "name": "San Miguel",
    "river": "San Miguel",
    "section": "05.Beaver Creek to Pinon Bridge",
  },
  {
    "id": 10894,
    "name": "San Miguel",
    "river": "San Miguel",
    "section": "06. Pinon Bridge to Naturita",
  },
  {
    "id": 10895,
    "name": "San Miguel",
    "river": "San Miguel",
    "section": "07. Naturita to Dolores Confluence",
  },
  {
    "id": 11105,
    "name": "Slate River ",
    "river": "Slate River ",
    "section": "03. Skyland Bridge to CB South ",
  },
  {
    "id": 3377,
    "name": "Slate River",
    "river": "Slate River",
    "section": "01. Beaver Ponds to Oh Be Joyful CG",
  },
  {
    "id": 11104,
    "name": "Slate River",
    "river": "Slate River",
    "section": "02. Oh Be Joyful Campground to Skyland Bridge ",
  },
  {
    "id": 4689,
    "name": "Slate, North Fork",
    "river": "Slate, North Fork",
    "section": "01. North Fork of Slate Drop",
  },
  {
    "id": 6606,
    "name": "Snake River",
    "river": "Snake River",
    "section": "01. Keystone Lodge to Swan Mtn Rd",
  },
  {
    "id": 427,
    "name": "South Platte, North Fork",
    "river": "South Platte, North Fork",
    "section": "01. Bailey to Pine",
  },
  {
    "id": 11440,
    "name": "South Platte, North Fork",
    "river": "South Platte, North Fork",
    "section": "02. Pine Valley Ranch to Buffalo Creek",
  },
  {
    "id": 426,
    "name": "South Platte, North Fork",
    "river": "South Platte, North Fork",
    "section": "03. Buffalo Creek to South Platte",
  },
  {
    "id": 3787,
    "name": "South Platte",
    "river": "South Platte",
    "section": "01. Eleven Mile Canyon",
  },
  {
    "id": 2835,
    "name": "South Platte",
    "river": "South Platte",
    "section": "02. Lake George to Cheesman Reservoir",
  },
  {
    "id": 4262,
    "name": "South Platte",
    "river": "South Platte",
    "section": "03. Cheeseman Reservoir to Deckers",
  },
  {
    "id": 424,
    "name": "South Platte",
    "river": "South Platte",
    "section": "04. Deckers to Confluence with North Fork",
  },
  {
    "id": 423,
    "name": "South Platte",
    "river": "South Platte",
    "section": "05. Waterton Canyon",
  },
  {
    "id": 4263,
    "name": "South Platte",
    "river": "South Platte",
    "section": "06. Union Chutes",
  },
  {
    "id": 425,
    "name": "South Platte",
    "river": "South Platte",
    "section": "07. Confluence Park (of South Platte with Cherry Creek)",
  },
  {
    "id": 11291,
    "name": "South Platte",
    "river": "South Platte",
    "section": "08. 74th to 104th",
  },
  {
    "id": 3206,
    "name": "South Platte",
    "river": "South Platte",
    "section": "09. Brighton City Park to Ft. Lupton",
  },
  {
    "id": 2547,
    "name": "Sweetwater Creek",
    "river": "Sweetwater Creek",
    "section": "01. Pine Valley Ranch to Anderson Camp",
  },
  {
    "id": 11060,
    "name": "Taylor River ",
    "river": "Taylor River ",
    "section": "01. 748 Bridge to Pieplant Ranch",
  },
  {
    "id": 428,
    "name": "Taylor River ",
    "river": "Taylor River ",
    "section": "02. Taylor Park Reservoir to Almont",
  },
  {
    "id": 2826,
    "name": "Tenmile Creek",
    "river": "Tenmile Creek",
    "section": "01. Near Copper Mountain Ski Area to Dillon Reservoir",
  },
  {
    "id": 4546,
    "name": "Treasure Creek",
    "river": "Treasure Creek",
    "section": "01. Horsethief Park to Stunner CG",
  },
  {
    "id": 10999,
    "name": "Trout Creek",
    "river": "Trout Creek",
    "section": "Dunckley - Flat Tops Wilderness",
  },
  {
    "id": 5769,
    "name": "Uncompahgre River",
    "river": "Uncompahgre River",
    "section": "01. Uncompahgre Gorge",
  },
  {
    "id": 429,
    "name": "Uncompahgre River",
    "river": "Uncompahgre River",
    "section": "02. Ouray to KOA campground",
  },
  {
    "id": 5180,
    "name": "Uncompahgre River",
    "river": "Uncompahgre River",
    "section": "03. Rollans park to Ridgway Reservoir",
  },
  {
    "id": 10679,
    "name": "Uncompahgre River",
    "river": "Uncompahgre River",
    "section": "04. Billy Creek SWA to Trout Rd",
  },
  {
    "id": 3452,
    "name": "Vallecito Creek",
    "river": "Vallecito Creek",
    "section": "01. 1 Mile Above Vallecito CG",
  },
  {
    "id": 431,
    "name": "White, North Fork",
    "river": "White, North Fork",
    "section": "01. Mirror Lake to South Fork",
  },
  {
    "id": 432,
    "name": "White, South Fork",
    "river": "White, South Fork",
    "section": "01. National Forest CG to North Fork",
  },
  {
    "id": 430,
    "name": "White",
    "river": "White",
    "section": "02. Rangely to Bonanza Bridge",
  },
  {
    "id": 433,
    "name": "Williams Fork",
    "river": "Williams Fork",
    "section": "01. Horseshoe CG to Williams Fork Reservoir",
  },
  {
    "id": 434,
    "name": "Willow Creek",
    "river": "Willow Creek",
    "section": "01. National Forest CG to Reservoir",
  },
  {
    "id": 10524,
    "name": "Willow Creek",
    "river": "Willow Creek",
    "section": "01. Steamboat Lake to Elk River",
  },
  {
    "id": 3633,
    "name": "Wolf Creek",
    "river": "Wolf Creek",
    "section": "01. Downstream from Highway 160 Bridge",
  },
  {
    "id": 4112,
    "name": "Woods Creek",
    "river": "Woods Creek",
    "section": "01. Henderson Mine to West Fork Clear Creek",
  },
  {
    "id": 435,
    "name": "Yampa",
    "river": "Yampa",
    "section": "01. Yampa River Park to Transit Center",
  },
  {
    "id": 10522,
    "name": "Yampa",
    "river": "Yampa",
    "section": "02. Transit Center to Pump Station",
  },
  {
    "id": 10523,
    "name": "Yampa",
    "river": "Yampa",
    "section": "03. Little Yampa Canyon",
  },
  {
    "id": 436,
    "name": "Yampa",
    "river": "Yampa",
    "section": "04. Cross Mountain Gorge -  85 Rd to Deer Lodge Park Rd",
  },
  {
    "id": 437,
    "name": "Yampa",
    "river": "Yampa",
    "section": "05. Deerlodge Park to Echo Park",
  },
  {
    "id": 11313,
    "name": "Yampa",
    "river": "Yampa",
    "section": "Dorsey to Pebble Beach",
  },
  {
    "id": 11315,
    "name": "Yampa",
    "river": "Yampa",
    "section": "Loudy Simpson to South Beach",
  },
  {
    "id": 11316,
    "name": "Yampa",
    "river": "Yampa",
    "section": "Maybell Bridge to Sunbeam",
  },
  {
    "id": 11314,
    "name": "Yampa",
    "river": "Yampa",
    "section": "Pebble Beach to Loudy Simpson",
  },
  {
    "id": 11311,
    "name": "Yampa",
    "river": "Yampa",
    "section": "Pump Station to Yampa River State Park",
  },
  {
    "id": 11317,
    "name": "Yampa",
    "river": "Yampa",
    "section": "Sunbeam to East Cross Mountain",
  },
  {
    "id": 11312,
    "name": "Yampa",
    "river": "Yampa",
    "section": "Yampa River State Park to Dorsey",
  },
  {
    "id": 4105,
    "name": "Yule Creek",
    "river": "Yule Creek",
    "section": "01. Headwaters Run",
  },
  {
    "id": 4384,
    "name": "Yule Creek",
    "river": "Yule Creek",
    "section": "02. Bible Camp to Crystal River",
  },
]
`;
